!*** add your features/plugins here
#features
feature@org.eclipse.mat.feature=SVN,trunk,svn://dev.eclipse.org/svnroot/technology/org.eclipse.mat,,features/org.eclipse.mat.feature
feature@org.eclipse.mat.chart.feature=SVN,trunk,svn://dev.eclipse.org/svnroot/technology/org.eclipse.mat,,features/org.eclipse.mat.chart.feature
feature@org.eclipse.mat.test.feature=SVN,trunk,svn://dev.eclipse.org/svnroot/technology/org.eclipse.mat,,features/org.eclipse.mat.test.feature
feature@org.eclipse.mat.ui.rcp.feature=SVN,trunk,svn://dev.eclipse.org/svnroot/technology/org.eclipse.mat,,features/org.eclipse.mat.ui.rcp.feature
feature@org.eclipse.mat.all.feature=SVN,trunk,svn://dev.eclipse.org/svnroot/technology/org.eclipse.mat,,features/org.eclipse.mat.all.feature

#plugins
plugin@org.eclipse.mat.api=SVN,trunk,svn://dev.eclipse.org/svnroot/technology/org.eclipse.mat,,plugins/org.eclipse.mat.api
plugin@org.eclipse.mat.dtfj=SVN,trunk,svn://dev.eclipse.org/svnroot/technology/org.eclipse.mat,,plugins/org.eclipse.mat.dtfj
plugin@org.eclipse.mat.hprof=SVN,trunk,svn://dev.eclipse.org/svnroot/technology/org.eclipse.mat,,plugins/org.eclipse.mat.hprof
plugin@org.eclipse.mat.jdt=SVN,trunk,svn://dev.eclipse.org/svnroot/technology/org.eclipse.mat,,plugins/org.eclipse.mat.jdt
plugin@org.eclipse.mat.parser=SVN,trunk,svn://dev.eclipse.org/svnroot/technology/org.eclipse.mat,,plugins/org.eclipse.mat.parser
plugin@org.eclipse.mat.report=SVN,trunk,svn://dev.eclipse.org/svnroot/technology/org.eclipse.mat,,plugins/org.eclipse.mat.report
plugin@org.eclipse.mat.ui=SVN,trunk,svn://dev.eclipse.org/svnroot/technology/org.eclipse.mat,,plugins/org.eclipse.mat.ui
plugin@org.eclipse.mat.ui.help=SVN,trunk,svn://dev.eclipse.org/svnroot/technology/org.eclipse.mat,,plugins/org.eclipse.mat.ui.help
plugin@org.eclipse.mat.chart=SVN,trunk,svn://dev.eclipse.org/svnroot/technology/org.eclipse.mat,,plugins/org.eclipse.mat.chart
plugin@org.eclipse.mat.chart.ui=SVN,trunk,svn://dev.eclipse.org/svnroot/technology/org.eclipse.mat,,plugins/org.eclipse.mat.chart.ui
plugin@org.eclipse.mat.tests=SVN,trunk,svn://dev.eclipse.org/svnroot/technology/org.eclipse.mat,,plugins/org.eclipse.mat.tests
fragment@org.eclipse.mat.tests.junit=SVN,trunk,svn://dev.eclipse.org/svnroot/technology/org.eclipse.mat,,plugins/org.eclipse.mat.tests.junit
plugin@org.eclipse.mat.ui.rcp=SVN,trunk,svn://dev.eclipse.org/svnroot/technology/org.eclipse.mat,,plugins/org.eclipse.mat.ui.rcp

#for running tests
plugin@org.eclipse.test=v20080313,:pserver:anonymous@dev.eclipse.org:/cvsroot/eclipse,
fragment@org.eclipse.ant.optional.junit=v20070202,:pserver:anonymous@dev.eclipse.org:/cvsroot/eclipse,
